#### Caravel repo info ####
Repo:  (https://github.com/)
Branch name: 

#### Caravel Managment repo info ####
Repo:  (https://github.com/)
Branch name: 

#### User repo info ####
Repo: TRIAL_SRAM  (https://github.com/https://ghu_G0WJWMomEZrHrQko19sgUqCdx9JKTV1EphRS@github.com/Mostafas889a/TRIAL_SRAM )
Branch name: main
commit 0b616bc6ae181e26c43618c2a1dedce5df1fd007
Author: Mostafa <m0stafas889a@gmail.com>
Date:   Sat Nov 1 07:33:07 2025 -0700

    "autosyncing agent activities"


#### caravel-dynamic-sims repo info ####
Repo: TRIAL_SRAM  (https://github.com/https://ghu_G0WJWMomEZrHrQko19sgUqCdx9JKTV1EphRS@github.com/Mostafas889a/TRIAL_SRAM )
Branch name: main
commit 0b616bc6ae181e26c43618c2a1dedce5df1fd007
Author: Mostafa <m0stafas889a@gmail.com>
Date:   Sat Nov 1 07:33:07 2025 -0700

    "autosyncing agent activities"
